
R version 3.1.3 (2015-03-09) -- "Smooth Sidewalk"
Copyright (C) 2015 The R Foundation for Statistical Computing
Platform: x86_64-apple-darwin13.4.0 (64-bit)

R is free software and comes with ABSOLUTELY NO WARRANTY.
You are welcome to redistribute it under certain conditions.
Type 'license()' or 'licence()' for distribution details.

  Natural language support but running in an English locale

R is a collaborative project with many contributors.
Type 'contributors()' for more information and
'citation()' on how to cite R or R packages in publications.

Type 'demo()' for some demos, 'help()' for on-line help, or
'help.start()' for an HTML browser interface to help.
Type 'q()' to quit R.

> pkgname <- "CollapsABEL"
> source(file.path(R.home("share"), "R", "examples-header.R"))
> options(warn = 1)
> base::assign(".ExTimings", "CollapsABEL-Ex.timings", pos = 'CheckExEnv')
> base::cat("name\tuser\tsystem\telapsed\n", file=base::get(".ExTimings", pos = 'CheckExEnv'))
> base::assign(".format_ptime",
+ function(x) {
+   if(!is.na(x[4L])) x[1L] <- x[1L] + x[4L]
+   if(!is.na(x[5L])) x[2L] <- x[2L] + x[5L]
+   options(OutDec = '.')
+   format(x[1L:3L], digits = 7L)
+ },
+ pos = 'CheckExEnv')
> 
> ### * </HEADER>
> library('CollapsABEL')
Loading required package: ggplot2
Loading required package: collUtils
Loading required package: rJava
Loading required package: Rcpp
Picked up _JAVA_OPTIONS: -Xms256m -Xmx5g
Loading required package: stringr
Loading required package: bigmemory
Loading required package: bigmemory.sri
Loading required package: BH

bigmemory >= 4.0 is a major revision since 3.1.2; please see packages
biganalytics and and bigtabulate and http://www.bigmemory.org for more information.

Loading required package: biganalytics
Loading required package: tools
Loading required package: R.utils
Loading required package: R.oo
Loading required package: R.methodsS3
R.methodsS3 v1.7.0 (2015-02-19) successfully loaded. See ?R.methodsS3 for help.
R.oo v1.19.0 (2015-02-27) successfully loaded. See ?R.oo for help.

Attaching package: ‘R.oo’

The following object is masked from ‘package:rJava’:

    clone

The following objects are masked from ‘package:methods’:

    getClasses, getMethods

The following objects are masked from ‘package:base’:

    attach, detach, gc, load, save

R.utils v2.0.2 (2015-04-27) successfully loaded. See ?R.utils for help.

Attaching package: ‘R.utils’

The following object is masked from ‘package:utils’:

    timestamp

The following objects are masked from ‘package:base’:

    cat, commandArgs, getOption, inherits, isOpen, parse, warnings

Loading required package: RSQLite
Loading required package: DBI
Loading required package: dplyr

Attaching package: ‘dplyr’

The following object is masked from ‘package:stats’:

    filter

The following objects are masked from ‘package:base’:

    intersect, setdiff, setequal, union


Attaching package: ‘CollapsABEL’

The following objects are masked from ‘package:R.utils’:

    colClasses, filePath

> 
> base::assign(".oldSearch", base::search(), pos = 'CheckExEnv')
> cleanEx()
> nameEx("PlInfo")
> ### * PlInfo
> 
> flush(stderr()); flush(stdout())
> 
> base::assign(".ptime", proc.time(), pos = "CheckExEnv")
> ### Name: PlInfo
> ### Title: An S4 class representing info about plink files
> ### Aliases: .PlInfo PlInfo
> 
> ### ** Examples
> 
> \donotrun{
Error: unexpected input in "\"
Execution halted
